[snake.rip/index.html]
[backblue.gif]
[fade.gif]
[index.html]
[snake.rip/favicon.svg]
[snake.rip/sitemap-index.xml]
[snake.rip/_astro/404.c39d648b.css]
[snake.rip/_astro/index.6fa8d016.css]
[snake.rip/_astro/inter-cyrillic-ext-wght-normal.848492d3.woff2]
[snake.rip/_astro/inter-cyrillic-wght-normal.262a1054.woff2]
[snake.rip/_astro/inter-greek-ext-wght-normal.fe977ddb.woff2]
[snake.rip/_astro/inter-greek-wght-normal.89b4a3fe.woff2]
[snake.rip/_astro/inter-vietnamese-wght-normal.ac4e131c.woff2]
[snake.rip/_astro/inter-latin-ext-wght-normal.45606f83.woff2]
[snake.rip/_astro/inter-latin-wght-normal.450f3ba4.woff2]
[snake.rip/_astro/page.30c903a1.js]
[snake.rip/images/snake.svg]
[snake.rip/blog]
[snake.rip/images/snake_svg_bg_2.svg]
[snake.rip/blog/snake-rip]
[snake.rip/_astro/snake.9b4ceb6d_1L5wP1.svg]
[snake.rip/blog/antivpn]
[snake.rip/_astro/antivpn.e5db6804_Z20dLpn.webp]
[snake.rip/blog/hovernode]
[snake.rip/_astro/hovernode.803b701c_1TqPSM.webp]
[snake.rip/blog/waffle]
[snake.rip/_astro/waffle-hycraft.9c4acf10_1ovWg6.webp]
[snake.rip/blog/hycraft-website]
[snake.rip/_astro/hycraft-website.cb2853d0_2ntq6E.webp]
[snake.rip/_astro/servernpc.59689a9c_Bs0QG.webp]
[snake.rip/_astro/nextjs.963bd774_CVPHM.webp]
[snake.rip/_astro/java.545423ca_ZTqMh1.webp]
[snake.rip/_astro/discord.400c9152_ZPS9O4.svg]
[snake.rip/_astro/spigotmc.81090db6_ixwN.webp]
[snake.rip/_astro/x.dd46f96b_mqB0g.svg]
[snake.rip/_astro/github.4f0d2c60_Z2tJj6m.svg]
[pagead2.googlesyndication.com/pagead/js/f4e0b.txt]
[snake.rip/index.html]
[snake.rip/favicon.svg]
[snake.rip/_astro/404.c39d648b.css]
[snake.rip/_astro/index.6fa8d016.css]
[snake.rip/images/snake.svg]
[snake.rip/blog.html]
[snake.rip/images/snake_svg_bg_2.svg]
[snake.rip/blog/snake-rip.html]
[snake.rip/_astro/snake.9b4ceb6d_1L5wP1.svg]
[snake.rip/blog/antivpn.html]
[snake.rip/blog/hovernode.html]
[snake.rip/blog/waffle.html]
[snake.rip/blog/hycraft-website.html]
[snake.rip/_astro/discord.400c9152_ZPS9O4.svg]
[snake.rip/_astro/x.dd46f96b_mqB0g.svg]
[snake.rip/_astro/github.4f0d2c60_Z2tJj6m.svg]
[snake.rip/cdn-cgi/scripts/7d0fa10a/cloudflare-static/rocket-loader.min.js]
